data/synthetic_sales.csv
date,product_name,our_price,competitor_price,cost,sales_qty,revenue,profit,seasonality
2026-01-01,Молоко 1л,89.0,75.0,55,105,9345.0,3570.0,0.895
2026-01-02,Молоко 1л,88.0,83.0,55,142,12496.0,4686.0,1.191
2026-01-03,Молоко 1л,90.0,89.0,55,154,13860.0,5390.0,1.337
2026-01-04,Молоко 1л,90.0,90.0,55,143,12870.0,5005.0,1.236
2026-01-05,Молоко 1л,90.0,81.0,55,97,8730.0,3395.0,0.79
2026-01-06,Молоко 1л,89.0,83.0,55,87,7743.0,2958.0,0.739
2026-01-07,Молоко 1л,91.0,89.0,55,93,8463.0,3348.0,0.836
2026-01-08,Молоко 1л,88.0,93.0,55,102,8976.0,3366.0,0.884
2026-01-09,Молоко 1л,89.0,79.0,55,140,12460.0,4760.0,1.176
2026-01-10,Молоко 1л,88.0,88.0,55,158,13904.0,5214.0,1.321
2026-01-11,Молоко 1л,83.0,90.0,55,166,13778.0,4648.0,1.221
2026-01-12,Молоко 1л,86.0,84.0,55,103,8858.0,3193.0,0.78
2026-01-13,Молоко 1л,85.0,87.0,55,92,7820.0,2760.0,0.73
2026-01-14,Молоко 1л,84.0,81.0,55,115,9660.0,3335.0,0.826
2026-01-15,Молоко 1л,84.0,87.0,55,117,9828.0,3393.0,0.873
2026-01-16,Молоко 1л,86.0,84.0,55,151,12986.0,4681.0,1.162
2026-01-17,Молоко 1л,83.0,89.0,55,175,14525.0,4900.0,1.306
2026-01-18,Молоко 1л,86.0,88.0,55,151,12986.0,4681.0,1.207
2026-01-19,Молоко 1л,85.0,89.0,55,100,8500.0,3000.0,0.771
2026-01-20,Молоко 1л,84.0,84.0,55,88,7392.0,2552.0,0.722
2026-01-21,Молоко 1л,95.0,92.0,55,78,7410.0,3120.0,0.817
2026-01-22,Молоко 1л,93.0,91.0,55,97,9021.0,3686.0,0.863
2026-01-23,Молоко 1л,95.0,83.0,55,107,10165.0,4280.0,1.149
2026-01-24,Молоко 1л,92.0,83.0,55,143,13156.0,5291.0,1.291
2026-01-25,Молоко 1л,93.0,88.0,55,133,12369.0,5054.0,1.193
2026-01-26,Молоко 1л,93.0,90.0,55,94,8742.0,3572.0,0.762
2026-01-27,Молоко 1л,95.0,92.0,55,67,6365.0,2680.0,0.714
2026-01-28,Молоко 1л,95.0,84.0,55,90,8550.0,3600.0,0.807
2026-01-29,Молоко 1л,94.0,83.0,55,90,8460.0,3510.0,0.854
2026-01-30,Молоко 1л,92.0,86.0,55,129,11868.0,4773.0,1.136
2026-01-31,Молоко 1л,90.0,87.0,55,150,13500.0,5250.0,1.276
2026-02-01,Молоко 1л,90.0,77.0,55,129,11610.0,4515.0,1.18
2026-02-02,Молоко 1л,90.0,93.0,55,84,7560.0,2940.0,0.754
2026-02-03,Молоко 1л,90.0,84.0,55,83,7470.0,2905.0,0.706
2026-02-04,Молоко 1л,90.0,83.0,55,87,7830.0,3045.0,0.799
2026-02-05,Молоко 1л,91.0,87.0,55,100,9100.0,3600.0,0.845
2026-02-06,Молоко 1л,90.0,80.0,55,131,11790.0,4585.0,1.125
2026-02-07,Молоко 1л,89.0,90.0,55,155,13795.0,5270.0,1.263
2026-02-08,Молоко 1л,90.0,84.0,55,132,11880.0,4620.0,1.168
2026-02-09,Молоко 1л,90.0,88.0,55,89,8010.0,3115.0,0.747
2026-02-10,Молоко 1л,84.0,83.0,55,94,7896.0,2726.0,0.699
2026-02-11,Молоко 1л,86.0,90.0,55,96,8256.0,2976.0,0.791
2026-02-12,Молоко 1л,84.0,89.0,55,113,9492.0,3277.0,0.836
2026-02-13,Молоко 1л,83.0,81.0,55,153,12699.0,4284.0,1.114
2026-02-14,Молоко 1л,85.0,93.0,55,174,14790.0,5220.0,1.252
2026-02-15,Молоко 1л,86.0,90.0,55,153,13158.0,4743.0,1.157
2026-02-16,Молоко 1л,83.0,84.0,55,96,7968.0,2688.0,0.74
2026-02-17,Молоко 1л,84.0,87.0,55,95,7980.0,2755.0,0.693
2026-02-18,Молоко 1л,84.0,80.0,55,98,8232.0,2842.0,0.784
2026-02-19,Молоко 1л,84.0,83.0,55,107,8988.0,3103.0,0.829
2026-02-20,Молоко 1л,94.0,76.0,55,106,9964.0,4134.0,1.104
2026-02-21,Молоко 1л,92.0,84.0,55,134,12328.0,4958.0,1.241
2026-02-22,Молоко 1л,95.0,85.0,55,113,10735.0,4520.0,1.148
2026-02-23,Молоко 1л,92.0,89.0,55,76,6992.0,2812.0,0.734
2026-02-24,Молоко 1л,95.0,93.0,55,79,7505.0,3160.0,0.687
2026-02-25,Молоко 1л,94.0,88.0,55,85,7990.0,3315.0,0.778
2026-02-26,Молоко 1л,93.0,85.0,55,89,8277.0,3382.0,0.823
2026-02-27,Молоко 1л,94.0,82.0,55,104,9776.0,4056.0,1.096
2026-02-28,Молоко 1л,93.0,91.0,55,134,12462.0,5092.0,1.232
2026-03-01,Молоко 1л,95.0,77.0,55,110,10450.0,4400.0,1.14
2026-03-02,Молоко 1л,88.0,90.0,55,85,7480.0,2805.0,0.729
2026-03-03,Молоко 1л,90.0,84.0,55,79,7110.0,2765.0,0.683
2026-03-04,Молоко 1л,88.0,82.0,55,92,8096.0,3036.0,0.773
2026-03-05,Молоко 1л,91.0,87.0,55,93,8463.0,3348.0,0.818
2026-03-06,Молоко 1л,91.0,83.0,55,123,11193.0,4428.0,1.09
2026-03-07,Молоко 1л,88.0,81.0,55,140,12320.0,4620.0,1.225
2026-03-08,Молоко 1л,89.0,84.0,55,134,11926.0,4556.0,1.134
2026-03-09,Молоко 1л,89.0,92.0,55,86,7654.0,2924.0,0.725
2026-03-10,Молоко 1л,90.0,82.0,55,74,6660.0,2590.0,0.679
2026-03-11,Молоко 1л,90.0,86.0,55,90,8100.0,3150.0,0.769
2026-03-12,Молоко 1л,85.0,92.0,55,107,9095.0,3210.0,0.814
2026-03-13,Молоко 1л,85.0,85.0,55,136,11560.0,4080.0,1.085
2026-03-14,Молоко 1л,83.0,93.0,55,167,13861.0,4676.0,1.22
2026-03-15,Молоко 1л,84.0,89.0,55,147,12348.0,4263.0,1.129
2026-03-16,Молоко 1л,85.0,92.0,55,94,7990.0,2820.0,0.722
2026-03-17,Молоко 1л,84.0,93.0,55,86,7224.0,2494.0,0.677
2026-03-18,Молоко 1л,85.0,88.0,55,95,8075.0,2850.0,0.767
2026-03-19,Молоко 1л,85.0,83.0,55,105,8925.0,3150.0,0.812
2026-03-20,Молоко 1л,86.0,82.0,55,131,11266.0,4061.0,1.082
2026-03-21,Молоко 1л,86.0,87.0,55,153,13158.0,4743.0,1.217
2026-03-22,Молоко 1л,93.0,84.0,55,113,10509.0,4294.0,1.126
2026-03-23,Молоко 1л,93.0,84.0,55,80,7440.0,3040.0,0.721
2026-03-24,Молоко 1л,95.0,85.0,55,72,6840.0,2880.0,0.675
2026-03-25,Молоко 1л,95.0,86.0,55,75,7125.0,3000.0,0.765
2026-03-26,Молоко 1л,93.0,89.0,55,98,9114.0,3724.0,0.81
2026-03-27,Молоко 1л,95.0,77.0,55,114,10830.0,4560.0,1.08
2026-03-28,Молоко 1л,95.0,86.0,55,119,11305.0,4760.0,1.215
2026-03-29,Молоко 1л,94.0,91.0,55,121,11374.0,4719.0,1.125
2026-03-30,Молоко 1л,93.0,84.0,55,79,7347.0,3002.0,0.72
2026-03-31,Молоко 1л,94.0,86.0,55,74,6956.0,2886.0,0.675
2026-01-01,Хлеб ржаной,64.0,56.0,35,78,4992.0,2262.0,0.895
2026-01-02,Хлеб ржаной,64.0,57.0,35,114,7296.0,3306.0,1.191
2026-01-03,Хлеб ржаной,65.0,60.0,35,115,7475.0,3450.0,1.337
2026-01-04,Хлеб ржаной,65.0,68.0,35,106,6890.0,3180.0,1.236
2026-01-05,Хлеб ржаной,64.0,61.0,35,70,4480.0,2030.0,0.79
2026-01-06,Хлеб ржаной,64.0,68.0,35,62,3968.0,1798.0,0.739
2026-01-07,Хлеб ржаной,65.0,65.0,35,85,5525.0,2550.0,0.836
2026-01-08,Хлеб ржаной,66.0,62.0,35,78,5148.0,2418.0,0.884
2026-01-09,Хлеб ржаной,65.0,64.0,35,106,6890.0,3180.0,1.176
2026-01-10,Хлеб ржаной,66.0,63.0,35,113,7458.0,3503.0,1.321
2026-01-11,Хлеб ржаной,62.0,64.0,35,115,7130.0,3105.0,1.221
2026-01-12,Хлеб ржаной,62.0,60.0,35,69,4278.0,1863.0,0.78
2026-01-13,Хлеб ржаной,62.0,64.0,35,69,4278.0,1863.0,0.73
2026-01-14,Хлеб ржаной,63.0,68.0,35,77,4851.0,2156.0,0.826
2026-01-15,Хлеб ржаной,61.0,67.0,35,93,5673.0,2418.0,0.873
2026-01-16,Хлеб ржаной,62.0,60.0,35,110,6820.0,2970.0,1.162
2026-01-17,Хлеб ржаной,61.0,67.0,35,129,7869.0,3354.0,1.306
2026-01-18,Хлеб ржаной,62.0,66.0,35,120,7440.0,3240.0,1.207
2026-01-19,Хлеб ржаной,63.0,59.0,35,76,4788.0,2128.0,0.771
2026-01-20,Хлеб ржаной,61.0,68.0,35,72,4392.0,1872.0,0.722
2026-01-21,Хлеб ржаной,69.0,60.0,35,63,4347.0,2142.0,0.817
2026-01-22,Хлеб ржаной,68.0,63.0,35,81,5508.0,2673.0,0.863
2026-01-23,Хлеб ржаной,68.0,63.0,35,95,6460.0,3135.0,1.149
2026-01-24,Хлеб ржаной,69.0,65.0,35,105,7245.0,3570.0,1.291
2026-01-25,Хлеб ржаной,68.0,68.0,35,96,6528.0,3168.0,1.193
2026-01-26,Хлеб ржаной,67.0,63.0,35,60,4020.0,1920.0,0.762
2026-01-27,Хлеб ржаной,68.0,60.0,35,59,4012.0,1947.0,0.714
2026-01-28,Хлеб ржаной,69.0,68.0,35,63,4347.0,2142.0,0.807
2026-01-29,Хлеб ржаной,69.0,61.0,35,75,5175.0,2550.0,0.854
2026-01-30,Хлеб ржаной,69.0,58.0,35,83,5727.0,2822.0,1.136
2026-01-31,Хлеб ржаной,66.0,64.0,35,113,7458.0,3503.0,1.276
2026-02-01,Хлеб ржаной,64.0,55.0,35,113,7232.0,3277.0,1.18
2026-02-02,Хлеб ржаной,66.0,67.0,35,70,4620.0,2170.0,0.754
2026-02-03,Хлеб ржаной,66.0,60.0,35,65,4290.0,2015.0,0.706
2026-02-04,Хлеб ржаной,64.0,60.0,35,68,4352.0,1972.0,0.799
2026-02-05,Хлеб ржаной,66.0,60.0,35,73,4818.0,2263.0,0.845
2026-02-06,Хлеб ржаной,65.0,60.0,35,95,6175.0,2850.0,1.125
2026-02-07,Хлеб ржаной,66.0,65.0,35,113,7458.0,3503.0,1.263
2026-02-08,Хлеб ржаной,65.0,62.0,35,108,7020.0,3240.0,1.168
2026-02-09,Хлеб ржаной,64.0,64.0,35,64,4096.0,1856.0,0.747
2026-02-10,Хлеб ржаной,62.0,67.0,35,69,4278.0,1863.0,0.699
2026-02-11,Хлеб ржаной,62.0,61.0,35,78,4836.0,2106.0,0.791
2026-02-12,Хлеб ржаной,61.0,65.0,35,87,5307.0,2262.0,0.836
2026-02-13,Хлеб ржаной,61.0,64.0,35,104,6344.0,2704.0,1.114
2026-02-14,Хлеб ржаной,62.0,68.0,35,110,6820.0,2970.0,1.252
2026-02-15,Хлеб ржаной,62.0,61.0,35,110,6820.0,2970.0,1.157
2026-02-16,Хлеб ржаной,61.0,62.0,35,73,4453.0,1898.0,0.74
2026-02-17,Хлеб ржаной,62.0,61.0,35,56,3472.0,1512.0,0.693
2026-02-18,Хлеб ржаной,61.0,66.0,35,76,4636.0,1976.0,0.784
2026-02-19,Хлеб ржаной,62.0,59.0,35,76,4712.0,2052.0,0.829
2026-02-20,Хлеб ржаной,68.0,61.0,35,95,6460.0,3135.0,1.104
2026-02-21,Хлеб ржаной,69.0,62.0,35,106,7314.0,3604.0,1.241
2026-02-22,Хлеб ржаной,69.0,66.0,35,94,6486.0,3196.0,1.148
2026-02-23,Хлеб ржаной,68.0,61.0,35,68,4624.0,2244.0,0.734
2026-02-24,Хлеб ржаной,67.0,59.0,35,50,3350.0,1600.0,0.687
2026-02-25,Хлеб ржаной,67.0,66.0,35,68,4556.0,2176.0,0.778
2026-02-26,Хлеб ржаной,68.0,62.0,35,71,4828.0,2343.0,0.823
2026-02-27,Хлеб ржаной,69.0,65.0,35,88,6072.0,2992.0,1.096
2026-02-28,Хлеб ржаной,69.0,59.0,35,95,6555.0,3230.0,1.232
2026-03-01,Хлеб ржаной,67.0,62.0,35,101,6767.0,3232.0,1.14
2026-03-02,Хлеб ржаной,65.0,66.0,35,63,4095.0,1890.0,0.729
2026-03-03,Хлеб ржаной,65.0,63.0,35,67,4355.0,2010.0,0.683
2026-03-04,Хлеб ржаной,64.0,60.0,35,75,4800.0,2175.0,0.773
2026-03-05,Хлеб ржаной,64.0,59.0,35,77,4928.0,2233.0,0.818
2026-03-06,Хлеб ржаной,66.0,57.0,35,95,6270.0,2945.0,1.09
2026-03-07,Хлеб ржаной,66.0,63.0,35,112,7392.0,3472.0,1.225
2026-03-08,Хлеб ржаной,66.0,60.0,35,93,6138.0,2883.0,1.134
2026-03-09,Хлеб ржаной,66.0,61.0,35,58,3828.0,1798.0,0.725
2026-03-10,Хлеб ржаной,64.0,59.0,35,62,3968.0,1798.0,0.679
2026-03-11,Хлеб ржаной,65.0,68.0,35,62,4030.0,1860.0,0.769
2026-03-12,Хлеб ржаной,63.0,59.0,35,82,5166.0,2296.0,0.814
2026-03-13,Хлеб ржаной,63.0,60.0,35,100,6300.0,2800.0,1.085
2026-03-14,Хлеб ржаной,63.0,64.0,35,122,7686.0,3416.0,1.22
2026-03-15,Хлеб ржаной,63.0,60.0,35,105,6615.0,2940.0,1.129
2026-03-16,Хлеб ржаной,61.0,65.0,35,73,4453.0,1898.0,0.722
2026-03-17,Хлеб ржаной,62.0,64.0,35,69,4278.0,1863.0,0.677
2026-03-18,Хлеб ржаной,62.0,60.0,35,69,4278.0,1863.0,0.767
2026-03-19,Хлеб ржаной,61.0,64.0,35,81,4941.0,2106.0,0.812
2026-03-20,Хлеб ржаной,62.0,60.0,35,105,6510.0,2835.0,1.082
2026-03-21,Хлеб ржаной,63.0,67.0,35,105,6615.0,2940.0,1.217
2026-03-22,Хлеб ржаной,68.0,68.0,35,92,6256.0,3036.0,1.126
2026-03-23,Хлеб ржаной,67.0,65.0,35,56,3752.0,1792.0,0.721
2026-03-24,Хлеб ржаной,69.0,67.0,35,50,3450.0,1700.0,0.675
2026-03-25,Хлеб ржаной,68.0,63.0,35,71,4828.0,2343.0,0.765
2026-03-26,Хлеб ржаной,69.0,67.0,35,75,5175.0,2550.0,0.81
2026-03-27,Хлеб ржаной,67.0,61.0,35,86,5762.0,2752.0,1.08
2026-03-28,Хлеб ржаной,69.0,67.0,35,90,6210.0,3060.0,1.215
2026-03-29,Хлеб ржаной,67.0,59.0,35,102,6834.0,3264.0,1.125
2026-03-30,Хлеб ржаной,67.0,66.0,35,62,4154.0,1984.0,0.72
2026-03-31,Хлеб ржаной,68.0,67.0,35,59,4012.0,1947.0,0.675
2026-01-01,Масло 200г,136.0,126.0,85,55,7480.0,2805.0,0.895
2026-01-02,Масло 200г,136.0,126.0,85,73,9928.0,3723.0,1.191
2026-01-03,Масло 200г,137.0,128.0,85,77,10549.0,4004.0,1.337
2026-01-04,Масло 200г,134.0,133.0,85,77,10318.0,3773.0,1.236
2026-01-05,Масло 200г,133.0,126.0,85,48,6384.0,2304.0,0.79
2026-01-06,Масло 200г,136.0,134.0,85,45,6120.0,2295.0,0.739
2026-01-07,Масло 200г,137.0,137.0,85,49,6713.0,2548.0,0.836
2026-01-08,Масло 200г,136.0,130.0,85,42,5712.0,2142.0,0.884
2026-01-09,Масло 200г,134.0,120.0,85,69,9246.0,3381.0,1.176
2026-01-10,Масло 200г,133.0,129.0,85,86,11438.0,4128.0,1.321
2026-01-11,Масло 200г,127.0,134.0,85,79,10033.0,3318.0,1.221
2026-01-12,Масло 200г,130.0,139.0,85,49,6370.0,2205.0,0.78
2026-01-13,Масло 200г,126.0,128.0,85,44,5544.0,1804.0,0.73
2026-01-14,Масло 200г,126.0,131.0,85,62,7812.0,2542.0,0.826
2026-01-15,Масло 200г,128.0,126.0,85,58,7424.0,2494.0,0.873
2026-01-16,Масло 200г,126.0,120.0,85,77,9702.0,3157.0,1.162
2026-01-17,Масло 200г,130.0,123.0,85,90,11700.0,4050.0,1.306
2026-01-18,Масло 200г,130.0,125.0,85,79,10270.0,3555.0,1.207
2026-01-19,Масло 200г,128.0,128.0,85,48,6144.0,2064.0,0.771
2026-01-20,Масло 200г,128.0,139.0,85,49,6272.0,2107.0,0.722
2026-01-21,Масло 200г,142.0,126.0,85,40,5680.0,2280.0,0.817
2026-01-22,Масло 200г,144.0,142.0,85,45,6480.0,2655.0,0.863
2026-01-23,Масло 200г,139.0,127.0,85,63,8757.0,3402.0,1.149
2026-01-24,Масло 200г,140.0,124.0,85,63,8820.0,3465.0,1.291
2026-01-25,Масло 200г,140.0,136.0,85,72,10080.0,3960.0,1.193
2026-01-26,Масло 200г,145.0,142.0,85,36,5220.0,2160.0,0.762
2026-01-27,Масло 200г,144.0,136.0,85,31,4464.0,1829.0,0.714
2026-01-28,Масло 200г,140.0,124.0,85,42,5880.0,2310.0,0.807
2026-01-29,Масло 200г,142.0,140.0,85,37,5254.0,2109.0,0.854
2026-01-30,Масло 200г,143.0,126.0,85,51,7293.0,2958.0,1.136
2026-01-31,Масло 200г,133.0,124.0,85,74,9842.0,3552.0,1.276
2026-02-01,Масло 200г,137.0,130.0,85,70,9590.0,3640.0,1.18
2026-02-02,Масло 200г,132.0,136.0,85,53,6996.0,2491.0,0.754
2026-02-03,Масло 200г,137.0,139.0,85,51,6987.0,2652.0,0.706
2026-02-04,Масло 200г,134.0,139.0,85,48,6432.0,2352.0,0.799
2026-02-05,Масло 200г,138.0,125.0,85,54,7452.0,2862.0,0.845
2026-02-06,Масло 200г,134.0,127.0,85,62,8308.0,3038.0,1.125
2026-02-07,Масло 200г,134.0,123.0,85,75,10050.0,3675.0,1.263
2026-02-08,Масло 200г,134.0,127.0,85,71,9514.0,3479.0,1.168
2026-02-09,Масло 200г,132.0,127.0,85,47,6204.0,2209.0,0.747
2026-02-10,Масло 200г,130.0,125.0,85,50,6500.0,2250.0,0.699
2026-02-11,Масло 200г,127.0,122.0,85,55,6985.0,2310.0,0.791
2026-02-12,Масло 200г,128.0,126.0,85,60,7680.0,2580.0,0.836
2026-02-13,Масло 200г,128.0,116.0,85,71,9088.0,3053.0,1.114
2026-02-14,Масло 200г,130.0,134.0,85,84,10920.0,3780.0,1.252
2026-02-15,Масло 200г,127.0,134.0,85,73,9271.0,3066.0,1.157
2026-02-16,Масло 200г,128.0,124.0,85,49,6272.0,2107.0,0.74
2026-02-17,Масло 200г,128.0,140.0,85,47,6016.0,2021.0,0.693
2026-02-18,Масло 200г,130.0,141.0,85,53,6890.0,2385.0,0.784
2026-02-19,Масло 200г,127.0,135.0,85,53,6731.0,2226.0,0.829
2026-02-20,Масло 200г,139.0,128.0,85,71,9869.0,3834.0,1.104
2026-02-21,Масло 200г,143.0,138.0,85,61,8723.0,3538.0,1.241
2026-02-22,Масло 200г,143.0,137.0,85,43,6149.0,2494.0,1.148
2026-02-23,Масло 200г,143.0,137.0,85,31,4433.0,1798.0,0.734
2026-02-24,Масло 200г,141.0,135.0,85,43,6063.0,2408.0,0.687
2026-02-25,Масло 200г,144.0,134.0,85,36,5184.0,2124.0,0.778
2026-02-26,Масло 200г,144.0,138.0,85,50,7200.0,2950.0,0.823
2026-02-27,Масло 200г,140.0,131.0,85,62,8680.0,3410.0,1.096
2026-02-28,Масло 200г,144.0,126.0,85,58,8352.0,3422.0,1.232
2026-03-01,Масло 200г,141.0,130.0,85,62,8742.0,3472.0,1.14
2026-03-02,Масло 200г,136.0,135.0,85,47,6392.0,2397.0,0.729
2026-03-03,Масло 200г,135.0,130.0,85,38,5130.0,1900.0,0.683
2026-03-04,Масло 200г,135.0,137.0,85,51,6885.0,2550.0,0.773
2026-03-05,Масло 200г,133.0,126.0,85,48,6384.0,2304.0,0.818
2026-03-06,Масло 200г,137.0,125.0,85,58,7946.0,3016.0,1.09
2026-03-07,Масло 200г,137.0,130.0,85,74,10138.0,3848.0,1.225
2026-03-08,Масло 200г,136.0,134.0,85,67,9112.0,3417.0,1.134
2026-03-09,Масло 200г,136.0,134.0,85,41,5576.0,2091.0,0.725
2026-03-10,Масло 200г,132.0,131.0,85,44,5808.0,2068.0,0.679
2026-03-11,Масло 200г,137.0,134.0,85,37,5069.0,1924.0,0.769
2026-03-12,Масло 200г,127.0,128.0,85,59,7493.0,2478.0,0.814
2026-03-13,Масло 200г,128.0,117.0,85,69,8832.0,2967.0,1.085
2026-03-14,Масло 200г,131.0,142.0,85,77,10087.0,3542.0,1.22
2026-03-15,Масло 200г,129.0,134.0,85,74,9546.0,3256.0,1.129
2026-03-16,Масло 200г,127.0,141.0,85,56,7112.0,2352.0,0.722
2026-03-17,Масло 200г,131.0,135.0,85,44,5764.0,2024.0,0.677
2026-03-18,Масло 200г,129.0,140.0,85,40,5160.0,1760.0,0.767
2026-03-19,Масло 200г,129.0,123.0,85,62,7998.0,2728.0,0.812
2026-03-20,Масло 200г,127.0,131.0,85,66,8382.0,2772.0,1.082
2026-03-21,Масло 200г,127.0,137.0,85,89,11303.0,3738.0,1.217
2026-03-22,Масло 200г,142.0,125.0,85,58,8236.0,3306.0,1.126
2026-03-23,Масло 200г,142.0,126.0,85,37,5254.0,2109.0,0.721
2026-03-24,Масло 200г,144.0,132.0,85,26,3744.0,1534.0,0.675
2026-03-25,Масло 200г,143.0,130.0,85,40,5720.0,2320.0,0.765
2026-03-26,Масло 200г,144.0,139.0,85,40,5760.0,2360.0,0.81
2026-03-27,Масло 200г,144.0,135.0,85,58,8352.0,3422.0,1.08
2026-03-28,Масло 200г,139.0,138.0,85,67,9313.0,3618.0,1.215
2026-03-29,Масло 200г,144.0,134.0,85,50,7200.0,2950.0,1.125
2026-03-30,Масло 200г,144.0,135.0,85,26,3744.0,1534.0,0.72
2026-03-31,Масло 200г,140.0,129.0,85,32,4480.0,1760.0,0.675
