data/synthetic_sales.csv
date,product_name,our_price,competitor_price,cost,sales_qty,revenue,profit,seasonality
2026-01-01,Сыр Гауда 200г,213.0,178.0,130,40,8520.0,3320.0,0.895
2026-01-02,Сыр Гауда 200г,208.0,197.0,130,46,9568.0,3588.0,1.191
2026-01-03,Сыр Гауда 200г,207.0,192.0,130,45,9315.0,3465.0,1.337
2026-01-04,Сыр Гауда 200г,213.0,208.0,130,43,9159.0,3569.0,1.236
2026-01-05,Сыр Гауда 200г,207.0,198.0,130,25,5175.0,1925.0,0.79
2026-01-06,Сыр Гауда 200г,207.0,212.0,130,28,5796.0,2156.0,0.739
2026-01-07,Сыр Гауда 200г,208.0,190.0,130,28,5824.0,2184.0,0.836
2026-01-08,Сыр Гауда 200г,213.0,203.0,130,27,5751.0,2241.0,0.884
2026-01-09,Сыр Гауда 200г,214.0,195.0,130,42,8988.0,3528.0,1.176
2026-01-10,Сыр Гауда 200г,214.0,206.0,130,51,10914.0,4284.0,1.321
2026-01-11,Сыр Гауда 200г,196.0,203.0,130,60,11760.0,3960.0,1.221
2026-01-12,Сыр Гауда 200г,198.0,209.0,130,37,7326.0,2516.0,0.78
2026-01-13,Сыр Гауда 200г,196.0,218.0,130,28,5488.0,1848.0,0.73
2026-01-14,Сыр Гауда 200г,196.0,213.0,130,40,7840.0,2640.0,0.826
2026-01-15,Сыр Гауда 200г,200.0,212.0,130,47,9400.0,3290.0,0.873
2026-01-16,Сыр Гауда 200г,198.0,197.0,130,53,10494.0,3604.0,1.162
2026-01-17,Сыр Гауда 200г,197.0,210.0,130,58,11426.0,3886.0,1.306
2026-01-18,Сыр Гауда 200г,196.0,203.0,130,54,10584.0,3564.0,1.207
2026-01-19,Сыр Гауда 200г,202.0,197.0,130,32,6464.0,2304.0,0.771
2026-01-20,Сыр Гауда 200г,200.0,191.0,130,32,6400.0,2240.0,0.722
2026-01-21,Сыр Гауда 200г,220.0,191.0,130,24,5280.0,2160.0,0.817
2026-01-22,Сыр Гауда 200г,221.0,212.0,130,31,6851.0,2821.0,0.863
2026-01-23,Сыр Гауда 200г,221.0,205.0,130,51,11271.0,4641.0,1.149
2026-01-24,Сыр Гауда 200г,224.0,197.0,130,47,10528.0,4418.0,1.291
2026-01-25,Сыр Гауда 200г,218.0,201.0,130,35,7630.0,3080.0,1.193
2026-01-26,Сыр Гауда 200г,217.0,196.0,130,28,6076.0,2436.0,0.762
2026-01-27,Сыр Гауда 200г,221.0,220.0,130,27,5967.0,2457.0,0.714
2026-01-28,Сыр Гауда 200г,217.0,206.0,130,33,7161.0,2871.0,0.807
2026-01-29,Сыр Гауда 200г,224.0,192.0,130,28,6272.0,2632.0,0.854
2026-01-30,Сыр Гауда 200г,220.0,180.0,130,40,8800.0,3600.0,1.136
2026-01-31,Сыр Гауда 200г,208.0,217.0,130,53,11024.0,4134.0,1.276
2026-02-01,Сыр Гауда 200г,209.0,194.0,130,41,8569.0,3239.0,1.18
2026-02-02,Сыр Гауда 200г,209.0,218.0,130,26,5434.0,2054.0,0.754
2026-02-03,Сыр Гауда 200г,208.0,215.0,130,28,5824.0,2184.0,0.706
2026-02-04,Сыр Гауда 200г,214.0,198.0,130,31,6634.0,2604.0,0.799
2026-02-05,Сыр Гауда 200г,214.0,197.0,130,30,6420.0,2520.0,0.845
2026-02-06,Сыр Гауда 200г,208.0,201.0,130,48,9984.0,3744.0,1.125
2026-02-07,Сыр Гауда 200г,211.0,199.0,130,45,9495.0,3645.0,1.263
2026-02-08,Сыр Гауда 200г,207.0,202.0,130,42,8694.0,3234.0,1.168
2026-02-09,Сыр Гауда 200г,209.0,207.0,130,30,6270.0,2370.0,0.747
2026-02-10,Сыр Гауда 200г,196.0,205.0,130,38,7448.0,2508.0,0.699
2026-02-11,Сыр Гауда 200г,197.0,204.0,130,39,7683.0,2613.0,0.791
2026-02-12,Сыр Гауда 200г,201.0,189.0,130,40,8040.0,2840.0,0.836
2026-02-13,Сыр Гауда 200г,197.0,205.0,130,49,9653.0,3283.0,1.114
2026-02-14,Сыр Гауда 200г,201.0,205.0,130,47,9447.0,3337.0,1.252
2026-02-15,Сыр Гауда 200г,202.0,205.0,130,47,9494.0,3384.0,1.157
2026-02-16,Сыр Гауда 200г,197.0,211.0,130,31,6107.0,2077.0,0.74
2026-02-17,Сыр Гауда 200г,200.0,211.0,130,28,5600.0,1960.0,0.693
2026-02-18,Сыр Гауда 200г,199.0,213.0,130,40,7960.0,2760.0,0.784
2026-02-19,Сыр Гауда 200г,199.0,194.0,130,46,9154.0,3174.0,0.829
2026-02-20,Сыр Гауда 200г,217.0,193.0,130,44,9548.0,3828.0,1.104
2026-02-21,Сыр Гауда 200г,218.0,192.0,130,46,10028.0,4048.0,1.241
2026-02-22,Сыр Гауда 200г,224.0,195.0,130,32,7168.0,3008.0,1.148
2026-02-23,Сыр Гауда 200г,218.0,208.0,130,24,5232.0,2112.0,0.734
2026-02-24,Сыр Гауда 200г,225.0,201.0,130,22,4950.0,2090.0,0.687
2026-02-25,Сыр Гауда 200г,217.0,220.0,130,29,6293.0,2523.0,0.778
2026-02-26,Сыр Гауда 200г,217.0,219.0,130,24,5208.0,2088.0,0.823
2026-02-27,Сыр Гауда 200г,221.0,194.0,130,38,8398.0,3458.0,1.096
2026-02-28,Сыр Гауда 200г,220.0,208.0,130,47,10340.0,4230.0,1.232
2026-03-01,Сыр Гауда 200г,222.0,184.0,130,41,9102.0,3772.0,1.14
2026-03-02,Сыр Гауда 200г,210.0,214.0,130,32,6720.0,2560.0,0.729
2026-03-03,Сыр Гауда 200г,212.0,199.0,130,29,6148.0,2378.0,0.683
2026-03-04,Сыр Гауда 200г,207.0,196.0,130,36,7452.0,2772.0,0.773
2026-03-05,Сыр Гауда 200г,207.0,189.0,130,35,7245.0,2695.0,0.818
2026-03-06,Сыр Гауда 200г,213.0,197.0,130,52,11076.0,4316.0,1.09
2026-03-07,Сыр Гауда 200г,206.0,209.0,130,54,11124.0,4104.0,1.225
2026-03-08,Сыр Гауда 200г,212.0,196.0,130,40,8480.0,3280.0,1.134
2026-03-09,Сыр Гауда 200г,212.0,219.0,130,30,6360.0,2460.0,0.725
2026-03-10,Сыр Гауда 200г,211.0,198.0,130,24,5064.0,1944.0,0.679
2026-03-11,Сыр Гауда 200г,211.0,218.0,130,27,5697.0,2187.0,0.769
2026-03-12,Сыр Гауда 200г,201.0,207.0,130,35,7035.0,2485.0,0.814
2026-03-13,Сыр Гауда 200г,196.0,192.0,130,52,10192.0,3432.0,1.085
2026-03-14,Сыр Гауда 200г,201.0,197.0,130,56,11256.0,3976.0,1.22
2026-03-15,Сыр Гауда 200г,199.0,192.0,130,51,10149.0,3519.0,1.129
2026-03-16,Сыр Гауда 200г,202.0,206.0,130,36,7272.0,2592.0,0.722
2026-03-17,Сыр Гауда 200г,200.0,202.0,130,41,8200.0,2870.0,0.677
2026-03-18,Сыр Гауда 200г,199.0,211.0,130,32,6368.0,2208.0,0.767
2026-03-19,Сыр Гауда 200г,203.0,218.0,130,40,8120.0,2920.0,0.812
2026-03-20,Сыр Гауда 200г,203.0,187.0,130,55,11165.0,4015.0,1.082
2026-03-21,Сыр Гауда 200г,199.0,218.0,130,54,10746.0,3726.0,1.217
2026-03-22,Сыр Гауда 200г,221.0,200.0,130,38,8398.0,3458.0,1.126
2026-03-23,Сыр Гауда 200г,223.0,190.0,130,24,5352.0,2232.0,0.721
2026-03-24,Сыр Гауда 200г,216.0,205.0,130,31,6696.0,2666.0,0.675
2026-03-25,Сыр Гауда 200г,222.0,194.0,130,31,6882.0,2852.0,0.765
2026-03-26,Сыр Гауда 200г,219.0,199.0,130,33,7227.0,2937.0,0.81
2026-03-27,Сыр Гауда 200г,223.0,193.0,130,40,8920.0,3720.0,1.08
2026-03-28,Сыр Гауда 200г,219.0,201.0,130,46,10074.0,4094.0,1.215
2026-03-29,Сыр Гауда 200г,218.0,218.0,130,32,6976.0,2816.0,1.125
2026-03-30,Сыр Гауда 200г,217.0,203.0,130,25,5425.0,2175.0,0.72
2026-03-31,Сыр Гауда 200г,220.0,196.0,130,20,4400.0,1800.0,0.675
2026-01-01,Йогурт 250г,75.0,63.0,45,67,5025.0,2010.0,0.895
2026-01-02,Йогурт 250г,76.0,64.0,45,92,6992.0,2852.0,1.191
2026-01-03,Йогурт 250г,76.0,74.0,45,95,7220.0,2945.0,1.337
2026-01-04,Йогурт 250г,76.0,74.0,45,89,6764.0,2759.0,1.236
2026-01-05,Йогурт 250г,75.0,72.0,45,60,4500.0,1800.0,0.79
2026-01-06,Йогурт 250г,74.0,72.0,45,58,4292.0,1682.0,0.739
2026-01-07,Йогурт 250г,74.0,71.0,45,72,5328.0,2088.0,0.836
2026-01-08,Йогурт 250г,74.0,70.0,45,72,5328.0,2088.0,0.884
2026-01-09,Йогурт 250г,74.0,65.0,45,85,6290.0,2465.0,1.176
2026-01-10,Йогурт 250г,76.0,77.0,45,95,7220.0,2945.0,1.321
2026-01-11,Йогурт 250г,71.0,78.0,45,111,7881.0,2886.0,1.221
2026-01-12,Йогурт 250г,72.0,69.0,45,70,5040.0,1890.0,0.78
2026-01-13,Йогурт 250г,72.0,77.0,45,66,4752.0,1782.0,0.73
2026-01-14,Йогурт 250г,72.0,69.0,45,66,4752.0,1782.0,0.826
2026-01-15,Йогурт 250г,70.0,71.0,45,64,4480.0,1600.0,0.873
2026-01-16,Йогурт 250г,70.0,66.0,45,91,6370.0,2275.0,1.162
2026-01-17,Йогурт 250г,70.0,69.0,45,111,7770.0,2775.0,1.306
2026-01-18,Йогурт 250г,71.0,73.0,45,107,7597.0,2782.0,1.207
2026-01-19,Йогурт 250г,70.0,73.0,45,66,4620.0,1650.0,0.771
2026-01-20,Йогурт 250г,73.0,77.0,45,59,4307.0,1652.0,0.722
2026-01-21,Йогурт 250г,78.0,79.0,45,60,4680.0,1980.0,0.817
2026-01-22,Йогурт 250г,78.0,71.0,45,63,4914.0,2079.0,0.863
2026-01-23,Йогурт 250г,78.0,74.0,45,84,6552.0,2772.0,1.149
2026-01-24,Йогурт 250г,79.0,74.0,45,96,7584.0,3264.0,1.291
2026-01-25,Йогурт 250г,79.0,71.0,45,88,6952.0,2992.0,1.193
2026-01-26,Йогурт 250г,78.0,78.0,45,55,4290.0,1815.0,0.762
2026-01-27,Йогурт 250г,79.0,68.0,45,45,3555.0,1530.0,0.714
2026-01-28,Йогурт 250г,78.0,74.0,45,53,4134.0,1749.0,0.807
2026-01-29,Йогурт 250г,79.0,71.0,45,62,4898.0,2108.0,0.854
2026-01-30,Йогурт 250г,77.0,74.0,45,87,6699.0,2784.0,1.136
2026-01-31,Йогурт 250г,76.0,77.0,45,101,7676.0,3131.0,1.276
2026-02-01,Йогурт 250г,74.0,73.0,45,99,7326.0,2871.0,1.18
2026-02-02,Йогурт 250г,76.0,77.0,45,64,4864.0,1984.0,0.754
2026-02-03,Йогурт 250г,75.0,71.0,45,52,3900.0,1560.0,0.706
2026-02-04,Йогурт 250г,75.0,72.0,45,65,4875.0,1950.0,0.799
2026-02-05,Йогурт 250г,74.0,72.0,45,82,6068.0,2378.0,0.845
2026-02-06,Йогурт 250г,74.0,74.0,45,91,6734.0,2639.0,1.125
2026-02-07,Йогурт 250г,74.0,77.0,45,96,7104.0,2784.0,1.263
2026-02-08,Йогурт 250г,76.0,75.0,45,92,6992.0,2852.0,1.168
2026-02-09,Йогурт 250г,75.0,73.0,45,54,4050.0,1620.0,0.747
2026-02-10,Йогурт 250г,72.0,71.0,45,52,3744.0,1404.0,0.699
2026-02-11,Йогурт 250г,72.0,68.0,45,85,6120.0,2295.0,0.791
2026-02-12,Йогурт 250г,72.0,76.0,45,70,5040.0,1890.0,0.836
2026-02-13,Йогурт 250г,71.0,73.0,45,97,6887.0,2522.0,1.114
2026-02-14,Йогурт 250г,72.0,74.0,45,104,7488.0,2808.0,1.252
2026-02-15,Йогурт 250г,72.0,71.0,45,101,7272.0,2727.0,1.157
2026-02-16,Йогурт 250г,72.0,68.0,45,73,5256.0,1971.0,0.74
2026-02-17,Йогурт 250г,72.0,76.0,45,63,4536.0,1701.0,0.693
2026-02-18,Йогурт 250г,71.0,74.0,45,62,4402.0,1612.0,0.784
2026-02-19,Йогурт 250г,71.0,69.0,45,73,5183.0,1898.0,0.829
2026-02-20,Йогурт 250г,77.0,68.0,45,74,5698.0,2368.0,1.104
2026-02-21,Йогурт 250г,77.0,74.0,45,98,7546.0,3136.0,1.241
2026-02-22,Йогурт 250г,77.0,69.0,45,84,6468.0,2688.0,1.148
2026-02-23,Йогурт 250г,80.0,69.0,45,51,4080.0,1785.0,0.734
2026-02-24,Йогурт 250г,79.0,68.0,45,43,3397.0,1462.0,0.687
2026-02-25,Йогурт 250г,80.0,71.0,45,52,4160.0,1820.0,0.778
2026-02-26,Йогурт 250г,79.0,77.0,45,70,5530.0,2380.0,0.823
2026-02-27,Йогурт 250г,79.0,72.0,45,75,5925.0,2550.0,1.096
2026-02-28,Йогурт 250г,78.0,68.0,45,90,7020.0,2970.0,1.232
2026-03-01,Йогурт 250г,77.0,73.0,45,89,6853.0,2848.0,1.14
2026-03-02,Йогурт 250г,74.0,70.0,45,58,4292.0,1682.0,0.729
2026-03-03,Йогурт 250г,76.0,71.0,45,51,3876.0,1581.0,0.683
2026-03-04,Йогурт 250г,75.0,76.0,45,68,5100.0,2040.0,0.773
2026-03-05,Йогурт 250г,75.0,71.0,45,64,4800.0,1920.0,0.818
2026-03-06,Йогурт 250г,75.0,69.0,45,80,6000.0,2400.0,1.09
2026-03-07,Йогурт 250г,74.0,69.0,45,101,7474.0,2929.0,1.225
2026-03-08,Йогурт 250г,75.0,73.0,45,95,7125.0,2850.0,1.134
2026-03-09,Йогурт 250г,74.0,70.0,45,55,4070.0,1595.0,0.725
2026-03-10,Йогурт 250г,74.0,75.0,45,53,3922.0,1537.0,0.679
2026-03-11,Йогурт 250г,75.0,74.0,45,60,4500.0,1800.0,0.769
2026-03-12,Йогурт 250г,71.0,69.0,45,70,4970.0,1820.0,0.814
2026-03-13,Йогурт 250г,71.0,67.0,45,88,6248.0,2288.0,1.085
2026-03-14,Йогурт 250г,70.0,76.0,45,111,7770.0,2775.0,1.22
2026-03-15,Йогурт 250г,71.0,71.0,45,94,6674.0,2444.0,1.129
2026-03-16,Йогурт 250г,71.0,71.0,45,73,5183.0,1898.0,0.722
2026-03-17,Йогурт 250г,70.0,72.0,45,56,3920.0,1400.0,0.677
2026-03-18,Йогурт 250г,70.0,78.0,45,64,4480.0,1600.0,0.767
2026-03-19,Йогурт 250г,71.0,69.0,45,67,4757.0,1742.0,0.812
2026-03-20,Йогурт 250г,71.0,68.0,45,99,7029.0,2574.0,1.082
2026-03-21,Йогурт 250г,71.0,77.0,45,112,7952.0,2912.0,1.217
2026-03-22,Йогурт 250г,79.0,74.0,45,79,6241.0,2686.0,1.126
2026-03-23,Йогурт 250г,80.0,75.0,45,53,4240.0,1855.0,0.721
2026-03-24,Йогурт 250г,79.0,77.0,45,51,4029.0,1734.0,0.675
2026-03-25,Йогурт 250г,79.0,78.0,45,56,4424.0,1904.0,0.765
2026-03-26,Йогурт 250г,79.0,76.0,45,62,4898.0,2108.0,0.81
2026-03-27,Йогурт 250г,77.0,71.0,45,72,5544.0,2304.0,1.08
2026-03-28,Йогурт 250г,78.0,73.0,45,97,7566.0,3201.0,1.215
2026-03-29,Йогурт 250г,78.0,73.0,45,82,6396.0,2706.0,1.125
2026-03-30,Йогурт 250г,78.0,74.0,45,47,3666.0,1551.0,0.72
2026-03-31,Йогурт 250г,79.0,74.0,45,43,3397.0,1462.0,0.675
